    Blocking waiting for file lock on build directory
    Finished `dev` profile [unoptimized + debuginfo] target(s) in 4.05s
   Compiling proc-macro2 v1.0.106
   Compiling quote v1.0.45
    Checking windows-link v0.2.1
    Checking cfg-if v1.0.4
    Checking bitflags v2.13.0
   Compiling cfg_aliases v0.1.1
   Compiling thiserror v1.0.69
   Compiling syn v2.0.118
   Compiling windows_x86_64_msvc v0.52.6
   Compiling parking_lot_core v0.9.12
   Compiling khronos_api v3.1.0
   Compiling syn v1.0.109
    Checking windows-targets v0.52.6
    Checking smallvec v1.15.2
   Compiling winapi v0.3.9
    Checking scopeguard v1.2.0
   Compiling autocfg v1.5.1
   Compiling num-traits v0.2.19
    Checking lock_api v0.4.14
   Compiling serde_derive v1.0.228
    Checking serde v1.0.228
    Checking openrcad-foundation v0.1.0 (C:\Users\cadel\Documents\Coding_Projects\ZeroCAD\OpenRCAD\crates\openrcad-foundation)
    Checking openrcad-geom2d v0.1.0 (C:\Users\cadel\Documents\Coding_Projects\ZeroCAD\OpenRCAD\crates\openrcad-geom2d)
    Checking openrcad-geom v0.1.0 (C:\Users\cadel\Documents\Coding_Projects\ZeroCAD\OpenRCAD\crates\openrcad-geom)
    Checking slotmap v1.1.1
   Compiling thiserror-impl v1.0.69
    Checking openrcad-topo v0.1.0 (C:\Users\cadel\Documents\Coding_Projects\ZeroCAD\OpenRCAD\crates\openrcad-topo)
    Checking openrcad-mesh v0.1.0 (C:\Users\cadel\Documents\Coding_Projects\ZeroCAD\OpenRCAD\crates\openrcad-mesh)
    Checking openrcad-primitives v0.1.0 (C:\Users\cadel\Documents\Coding_Projects\ZeroCAD\OpenRCAD\crates\openrcad-primitives)
    Checking windows-sys v0.61.2
    Checking openrcad-algo v0.1.0 (C:\Users\cadel\Documents\Coding_Projects\ZeroCAD\OpenRCAD\crates\openrcad-algo)
    Checking libloading v0.8.9
   Compiling log v0.4.32
   Compiling xml-rs v0.8.28
   Compiling gl_generator v0.14.0
    Checking winapi-util v0.1.11
   Compiling com_macros_support v0.6.0
    Checking parking_lot v0.12.5
   Compiling libc v0.2.186
   Compiling com_macros v0.6.0
    Checking termcolor v1.4.1
   Compiling glutin_wgl_sys v0.6.1
    Checking windows-core v0.52.0
   Compiling naga v22.1.0
    Checking hashbrown v0.17.1
    Checking equivalent v1.0.2
    Checking foldhash v0.1.5
   Compiling ash v0.38.0+1.3.281
    Checking unicode-width v0.1.14
   Compiling khronos-egl v6.0.0
   Compiling zmij v1.0.21
    Checking bit-vec v0.7.0
   Compiling zerocopy v0.8.52
    Checking bit-set v0.6.0
    Checking codespan-reporting v0.11.1
    Checking indexmap v2.14.0
    Checking hashbrown v0.15.5
    Checking windows v0.52.0
    Checking com v0.6.0
   Compiling wgpu-hal v22.0.0
    Checking gpu-alloc-types v0.3.0
    Checking gpu-descriptor-types v0.2.0
    Checking spirv v0.3.0+sdk-1.3.268.0
   Compiling cgmath v0.18.0
    Checking raw-window-handle v0.6.2
    Checking unicode-xid v0.2.6
    Checking widestring v1.2.1
    Checking hexf-parse v0.2.1
   Compiling serde_json v1.0.150
    Checking arrayvec v0.7.6
   Compiling semver v1.0.28
    Checking presser v0.3.1
    Checking rustc-hash v1.1.0
    Checking gpu-allocator v0.26.0
   Compiling rustc_version v0.4.1
    Checking hassle-rs v0.11.0
    Checking gpu-descriptor v0.3.2
    Checking gpu-alloc v0.6.0
    Checking d3d12 v22.0.0
    Checking approx v0.4.0
   Compiling wgpu-core v22.1.0
    Checking wgpu-types v22.0.0
    Checking getrandom v0.2.17
    Checking renderdoc-sys v1.1.0
    Checking range-alloc v0.1.5
    Checking glow v0.13.1
   Compiling litrs v1.0.0
   Compiling cfg_aliases v0.2.1
    Checking itoa v1.0.18
    Checking memchr v2.8.2
    Checking once_cell v1.21.4
    Checking profiling v1.0.18
   Compiling winit v0.30.13
   Compiling document-features v0.2.12
    Checking rand_core v0.6.4
    Checking ppv-lite86 v0.2.21
   Compiling branches v0.3.0
    Checking num-complex v0.4.6
   Compiling katexit v0.1.5
   Compiling wgpu v22.1.0
    Checking tracing-core v0.1.36
    Checking pin-project-lite v0.2.17
    Checking tracing v0.1.44
    Checking matext4cgmath v0.1.0
    Checking rand_chacha v0.3.1
    Checking openrcad-sketch v0.1.0 (C:\Users\cadel\Documents\Coding_Projects\ZeroCAD\OpenRCAD\crates\openrcad-sketch)
    Checking windows-sys v0.52.0
    Checking static_assertions v1.1.0
    Checking rustc-hash v2.1.2
    Checking unicode-segmentation v1.13.3
    Checking cursor-icon v1.2.0
    Checking smol_str v0.2.2
    Checking dpi v0.1.2
    Checking truck-base v0.5.0
    Checking rand v0.8.6
    Checking bytemuck v1.25.0
    Checking pollster v0.3.0
    Checking truck-geotrait v0.4.0
    Checking rclite v0.2.8
    Checking openrcad-document v0.1.0 (C:\Users\cadel\Documents\Coding_Projects\ZeroCAD\OpenRCAD\crates\openrcad-document)
    Checking openrcad-exchange v0.1.0 (C:\Users\cadel\Documents\Coding_Projects\ZeroCAD\OpenRCAD\crates\openrcad-exchange)
    Checking truck-topology v0.6.0
    Checking openrcad-render v0.1.0 (C:\Users\cadel\Documents\Coding_Projects\ZeroCAD\OpenRCAD\crates\openrcad-render)
    Checking openrcad v0.1.0 (C:\Users\cadel\Documents\Coding_Projects\ZeroCAD\OpenRCAD)
    Checking openrcad-truck-compat v0.1.0 (C:\Users\cadel\Documents\Coding_Projects\ZeroCAD\OpenRCAD\crates\openrcad-truck-compat)
    Finished `dev` profile [unoptimized + debuginfo] target(s) in 1m 01s
Clippy passed: no warnings beyond the reviewed baseline (452 occurrences).
