   Compiling zerocad-core v0.7.5 (C:\Users\cadel\Documents\Coding_Projects\ZeroCAD\zerocad-core)
    Finished `release` profile [optimized] target(s) in 4m 23s
     Running `target\release\examples\assembly_measure.exe docs/evidence/assembly-2026-09-04`
Measuring four_plate_calibration
four_plate_calibration: 1/31, solve 0.04 ms, drag 0.04 ms, converged true
four_plate_calibration: 2/31, solve 0.03 ms, drag 0.04 ms, converged true
four_plate_calibration: 3/31, solve 0.03 ms, drag 0.04 ms, converged true
four_plate_calibration: 4/31, solve 0.03 ms, drag 0.04 ms, converged true
four_plate_calibration: 5/31, solve 0.03 ms, drag 0.03 ms, converged true
four_plate_calibration: 6/31, solve 0.03 ms, drag 0.03 ms, converged true
four_plate_calibration: 7/31, solve 0.03 ms, drag 0.04 ms, converged true
four_plate_calibration: 8/31, solve 0.03 ms, drag 0.03 ms, converged true
four_plate_calibration: 9/31, solve 0.03 ms, drag 0.03 ms, converged true
four_plate_calibration: 10/31, solve 0.03 ms, drag 0.03 ms, converged true
four_plate_calibration: 11/31, solve 0.03 ms, drag 0.03 ms, converged true
four_plate_calibration: 12/31, solve 0.03 ms, drag 0.03 ms, converged true
four_plate_calibration: 13/31, solve 0.03 ms, drag 0.03 ms, converged true
four_plate_calibration: 14/31, solve 0.03 ms, drag 0.03 ms, converged true
four_plate_calibration: 15/31, solve 0.03 ms, drag 0.03 ms, converged true
four_plate_calibration: 16/31, solve 0.03 ms, drag 0.03 ms, converged true
four_plate_calibration: 17/31, solve 0.03 ms, drag 0.03 ms, converged true
four_plate_calibration: 18/31, solve 0.03 ms, drag 0.03 ms, converged true
four_plate_calibration: 19/31, solve 0.03 ms, drag 0.04 ms, converged true
four_plate_calibration: 20/31, solve 0.03 ms, drag 0.03 ms, converged true
four_plate_calibration: 21/31, solve 0.03 ms, drag 0.04 ms, converged true
four_plate_calibration: 22/31, solve 0.03 ms, drag 0.03 ms, converged true
four_plate_calibration: 23/31, solve 0.03 ms, drag 0.03 ms, converged true
four_plate_calibration: 24/31, solve 0.03 ms, drag 0.03 ms, converged true
four_plate_calibration: 25/31, solve 0.03 ms, drag 0.03 ms, converged true
four_plate_calibration: 26/31, solve 0.03 ms, drag 0.03 ms, converged true
four_plate_calibration: 27/31, solve 0.03 ms, drag 0.03 ms, converged true
four_plate_calibration: 28/31, solve 0.03 ms, drag 0.03 ms, converged true
four_plate_calibration: 29/31, solve 0.03 ms, drag 0.03 ms, converged true
four_plate_calibration: 30/31, solve 0.03 ms, drag 0.03 ms, converged true
four_plate_calibration: 31/31, solve 0.03 ms, drag 0.03 ms, converged true
Measuring plate_sparse_chain
plate_sparse_chain: 1/31, solve 77.02 ms, drag 15.62 ms, converged true
plate_sparse_chain: 2/31, solve 73.76 ms, drag 14.68 ms, converged true
plate_sparse_chain: 3/31, solve 72.93 ms, drag 14.96 ms, converged true
plate_sparse_chain: 4/31, solve 72.49 ms, drag 14.65 ms, converged true
plate_sparse_chain: 5/31, solve 72.33 ms, drag 14.46 ms, converged true
plate_sparse_chain: 6/31, solve 75.31 ms, drag 15.19 ms, converged true
plate_sparse_chain: 7/31, solve 75.45 ms, drag 15.33 ms, converged true
plate_sparse_chain: 8/31, solve 75.20 ms, drag 14.86 ms, converged true
plate_sparse_chain: 9/31, solve 71.99 ms, drag 16.88 ms, converged true
plate_sparse_chain: 10/31, solve 74.37 ms, drag 15.63 ms, converged true
plate_sparse_chain: 11/31, solve 81.22 ms, drag 23.12 ms, converged true
plate_sparse_chain: 12/31, solve 75.36 ms, drag 15.72 ms, converged true
plate_sparse_chain: 13/31, solve 74.04 ms, drag 16.40 ms, converged true
plate_sparse_chain: 14/31, solve 75.67 ms, drag 14.89 ms, converged true
plate_sparse_chain: 15/31, solve 82.26 ms, drag 16.13 ms, converged true
plate_sparse_chain: 16/31, solve 74.48 ms, drag 15.12 ms, converged true
plate_sparse_chain: 17/31, solve 75.56 ms, drag 14.77 ms, converged true
plate_sparse_chain: 18/31, solve 73.68 ms, drag 17.19 ms, converged true
plate_sparse_chain: 19/31, solve 73.84 ms, drag 15.23 ms, converged true
plate_sparse_chain: 20/31, solve 75.28 ms, drag 15.05 ms, converged true
plate_sparse_chain: 21/31, solve 72.91 ms, drag 14.77 ms, converged true
plate_sparse_chain: 22/31, solve 85.55 ms, drag 17.87 ms, converged true
plate_sparse_chain: 23/31, solve 78.33 ms, drag 14.88 ms, converged true
plate_sparse_chain: 24/31, solve 73.98 ms, drag 15.12 ms, converged true
plate_sparse_chain: 25/31, solve 73.10 ms, drag 17.06 ms, converged true
plate_sparse_chain: 26/31, solve 73.08 ms, drag 16.87 ms, converged true
plate_sparse_chain: 27/31, solve 75.89 ms, drag 14.96 ms, converged true
plate_sparse_chain: 28/31, solve 76.41 ms, drag 15.42 ms, converged true
plate_sparse_chain: 29/31, solve 74.36 ms, drag 15.03 ms, converged true
plate_sparse_chain: 30/31, solve 74.06 ms, drag 15.56 ms, converged true
plate_sparse_chain: 31/31, solve 72.86 ms, drag 15.03 ms, converged true
Measuring plate_closed_loops
plate_closed_loops: 1/31, solve 103.59 ms, drag 25.47 ms, converged true
plate_closed_loops: 2/31, solve 98.05 ms, drag 24.31 ms, converged true
plate_closed_loops: 3/31, solve 100.78 ms, drag 23.89 ms, converged true
plate_closed_loops: 4/31, solve 101.23 ms, drag 27.23 ms, converged true
plate_closed_loops: 5/31, solve 97.83 ms, drag 24.80 ms, converged true
plate_closed_loops: 6/31, solve 103.56 ms, drag 23.92 ms, converged true
plate_closed_loops: 7/31, solve 108.98 ms, drag 25.40 ms, converged true
plate_closed_loops: 8/31, solve 115.06 ms, drag 28.76 ms, converged true
plate_closed_loops: 9/31, solve 104.78 ms, drag 23.94 ms, converged true
plate_closed_loops: 10/31, solve 98.96 ms, drag 24.21 ms, converged true
plate_closed_loops: 11/31, solve 101.33 ms, drag 23.84 ms, converged true
plate_closed_loops: 12/31, solve 98.29 ms, drag 27.53 ms, converged true
plate_closed_loops: 13/31, solve 101.00 ms, drag 27.01 ms, converged true
plate_closed_loops: 14/31, solve 103.15 ms, drag 24.38 ms, converged true
plate_closed_loops: 15/31, solve 100.70 ms, drag 28.50 ms, converged true
plate_closed_loops: 16/31, solve 99.24 ms, drag 24.29 ms, converged true
plate_closed_loops: 17/31, solve 100.69 ms, drag 26.92 ms, converged true
plate_closed_loops: 18/31, solve 103.43 ms, drag 24.75 ms, converged true
plate_closed_loops: 19/31, solve 104.57 ms, drag 26.87 ms, converged true
plate_closed_loops: 20/31, solve 99.57 ms, drag 25.16 ms, converged true
plate_closed_loops: 21/31, solve 106.29 ms, drag 24.71 ms, converged true
plate_closed_loops: 22/31, solve 103.06 ms, drag 28.77 ms, converged true
plate_closed_loops: 23/31, solve 103.14 ms, drag 26.43 ms, converged true
plate_closed_loops: 24/31, solve 105.16 ms, drag 25.31 ms, converged true
plate_closed_loops: 25/31, solve 99.82 ms, drag 24.33 ms, converged true
plate_closed_loops: 26/31, solve 108.10 ms, drag 26.69 ms, converged true
plate_closed_loops: 27/31, solve 103.51 ms, drag 25.15 ms, converged true
plate_closed_loops: 28/31, solve 102.42 ms, drag 24.57 ms, converged true
plate_closed_loops: 29/31, solve 107.48 ms, drag 27.66 ms, converged true
plate_closed_loops: 30/31, solve 119.80 ms, drag 24.49 ms, converged true
plate_closed_loops: 31/31, solve 98.70 ms, drag 24.83 ms, converged true
Validator findings: ["calibration case 'four_plate_calibration' requires committing a calibrated translation tolerance"]
